============================= test session starts =============================
platform win32 -- Python 3.11.9, pytest-9.1.1, pluggy-1.6.0
cachedir: .pytest_cache
rootdir: d:\AIthuchien\Build\P-214
configfile: pytest.ini
plugins: anyio-4.14.2, langsmith-0.10.17, asyncio-1.4.0
asyncio: mode=Mode.AUTO, debug=False, asyncio_default_fixture_loop_scope=None, asyncio_default_test_loop_scope=function
collecting ... collected 104 items

tests/test_agents/test_connection.py::TestConnectionRecommendationAgent::test_parse_json_response PASSED [  0%]
tests/test_agents/test_connection.py::TestConnectionRecommendationAgent::test_get_candidate_users_sql_filter PASSED [  1%]
tests/test_agents/test_connection.py::TestConnectionRecommendationAgent::test_retrieve_candidates_with_vector_search PASSED [  2%]
tests/test_agents/test_connection.py::TestConnectionRecommendationAgent::test_calculate_feature_scores PASSED [  3%]
tests/test_agents/test_connection.py::TestConnectionRecommendationAgent::test_feature_helpers PASSED [  4%]
tests/test_agents/test_connection.py::TestConnectionRecommendationAgent::test_compute_weighted_score PASSED [  5%]
tests/test_agents/test_connection.py::TestConnectionRecommendationAgent::test_compare_users_with_mock_llm PASSED [  6%]
tests/test_agents/test_connection.py::TestConnectionRecommendationAgent::test_compare_users_fallback_when_llm_fails PASSED [  7%]
tests/test_agents/test_connection.py::TestConnectionRecommendationAgent::test_extract_user_profile_prefers_user_profile_table PASSED [  8%]
tests/test_agents/test_connection.py::TestConnectionRecommendationAgent::test_generate_pipeline_limit_top_5 PASSED [  9%]
tests/test_agents/test_graph.py::test_agent_basic_flow PASSED            [ 10%]
tests/test_agents/test_graph.py::test_agent_state_structure PASSED       [ 11%]
tests/test_agents/test_memory.py::test_parse_duration_days[1d-1] PASSED  [ 12%]
tests/test_agents/test_memory.py::test_parse_duration_days[1w-7] PASSED  [ 13%]
tests/test_agents/test_memory.py::test_parse_duration_days[1m-30] PASSED  [ 14%]
tests/test_agents/test_memory.py::test_parse_duration_days[3m-90] PASSED  [ 15%]
tests/test_agents/test_memory.py::test_parse_duration_days[6m-180] PASSED  [ 16%]
tests/test_agents/test_memory.py::test_parse_duration_days[1y-365] PASSED  [ 17%]
tests/test_agents/test_memory.py::test_parse_duration_days[unlimited-None] PASSED [ 18%]
tests/test_agents/test_memory.py::test_parse_duration_days[None-None] PASSED  [ 19%]
tests/test_agents/test_memory.py::TestMemoryAgent::test_sanitize_peer_text PASSED  [ 20%]
tests/test_agents/test_memory.py::TestMemoryAgent::test_summarize_sanitization PASSED  [ 21%]
tests/test_agents/test_memory.py::TestMemoryAgent::test_clean_interest_keyword PASSED  [ 22%]
tests/test_agents/test_memory.py::TestMemoryAgent::test_extract_entities_free_form_and_latest_follow_up PASSED  [ 23%]
tests/test_agents/test_memory.py::TestMemoryAgent::test_build_memory_independent_of_ai_hub_tag_limit PASSED [ 24%]
tests/test_agents/test_orchestrator.py::TestIntentClassification::test_classify_search_intent PASSED  [ 25%]
tests/test_agents/test_orchestrator.py::TestIntentClassification::test_classify_memory_intent PASSED  [ 25%]
tests/test_agents/test_orchestrator.py::TestIntentClassification::test_classify_reply_suggest_intent PASSED  [ 26%]
tests/test_agents/test_orchestrator.py::TestIntentClassification::test_classify_chitchat_intent PASSED  [ 27%]
tests/test_agents/test_orchestrator.py::TestIntentClassification::test_classify_recommendation_intent PASSED  [ 28%]
tests/test_agents/test_orchestrator.py::TestIntentClassification::test_classify_tag_intent PASSED  [ 29%]
tests/test_agents/test_orchestrator.py::TestChitchatResponses::test_chitchat_greeting PASSED  [ 30%]
tests/test_agents/test_orchestrator.py::TestChitchatResponses::test_chitchat_thanks PASSED  [ 31%]
tests/test_agents/test_orchestrator.py::TestChitchatResponses::test_chitchat_bye PASSED  [ 32%]
tests/test_agents/test_orchestrator.py::TestOrchestratorNodes::test_intent_detection_empty_query PASSED [ 33%]
tests/test_agents/test_orchestrator.py::TestOrchestratorNodes::test_intent_detection_search_query PASSED  [ 34%]
tests/test_agents/test_orchestrator.py::TestOrchestratorNodes::test_intent_detection_chitchat PASSED  [ 35%]
tests/test_agents/test_orchestrator.py::TestOrchestratorNodes::test_context_builder_no_context PASSED  [ 36%]
tests/test_agents/test_orchestrator.py::TestOrchestratorNodes::test_tool_selection_search_intent PASSED  [ 37%]
tests/test_agents/test_orchestrator.py::TestOrchestratorNodes::test_tool_selection_memory_intent PASSED  [ 38%]
tests/test_agents/test_orchestrator.py::TestOrchestratorNodes::test_tool_selection_recommendation_intent PASSED [ 39%]
tests/test_agents/test_orchestrator.py::TestOrchestratorNodes::test_tool_selection_chitchat_intent PASSED [ 40%]
tests/test_agents/test_orchestrator.py::TestOrchestratorNodes::test_agent_execution_no_tools PASSED  [ 41%]
tests/test_agents/test_orchestrator.py::TestOrchestratorNodes::test_response_validator_valid PASSED  [ 42%]
tests/test_agents/test_orchestrator.py::TestOrchestratorNodes::test_response_validator_chitchat PASSED  [ 43%]
tests/test_agents/test_orchestrator.py::TestOrchestratorNodes::test_respond_chitchat PASSED  [ 44%]
tests/test_agents/test_orchestrator.py::TestOrchestratorNodes::test_respond_no_tools PASSED  [ 45%]
tests/test_agents/test_orchestrator.py::TestOrchestratorGraph::test_build_orchestrator_returns_compiled_graph PASSED  [ 46%]
tests/test_agents/test_orchestrator.py::TestOrchestratorGraph::test_run_copilot_with_context PASSED  [ 47%]
tests/test_agents/test_orchestrator.py::TestOrchestratorGraph::test_run_copilot_minimal PASSED  [ 48%]
tests/test_agents/test_reply.py::TestReplySuggestionAgent::test_generate_suggested_reply_with_peer_message PASSED  [ 49%]
tests/test_agents/test_reply.py::TestReplySuggestionAgent::test_generate_suggested_reply_without_peer_message PASSED  [ 50%]
tests/test_agents/test_search.py::TestSearchAgent::test_search_result_schema PASSED  [ 50%]
tests/test_agents/test_search.py::TestSearchAgent::test_search_with_mocked_llm PASSED  [ 51%]
tests/test_agents/test_search.py::TestSearchAgent::test_search_respects_is_public_flag PASSED  [ 52%]
tests/test_agents/test_tagging.py::TestTaggingAgent::test_parse_json_response PASSED  [ 53%]
tests/test_agents/test_tagging.py::TestTaggingAgent::test_clean_tags PASSED  [ 54%]
tests/test_agents/test_tagging.py::TestTaggingAgent::test_generate_tags_no_user_tags_returns_empty PASSED  [ 55%]
tests/test_agents/test_tagging.py::TestTaggingAgent::test_generate_tags_strict_whitelist_from_ai_hub PASSED  [ 56%]
tests/test_agents/test_tools.py::TestSearchTools::test_search_contact_tool_exists PASSED  [ 57%]
tests/test_agents/test_tools.py::TestMemoryTools::test_get_contact_memory_invalid_user_uuid PASSED  [ 58%]
tests/test_agents/test_tools.py::TestMemoryTools::test_get_contact_memory_invalid_contact_uuid PASSED  [ 59%]
tests/test_agents/test_tools.py::TestMemoryTools::test_get_contact_memory_no_memory PASSED  [ 60%]
tests/test_agents/test_tools.py::TestMemoryTools::test_get_recent_messages_invalid_user_uuid PASSED  [ 61%]
tests/test_agents/test_tools.py::TestRecommendationTools::test_get_recommendations_empty PASSED  [ 62%]
tests/test_agents/test_tools.py::TestInsightTools::test_get_contact_insights_invalid_uuid PASSED  [ 63%]
tests/test_agents/test_tools.py::TestToolRegistry::test_tool_registry_has_tools PASSED  [ 64%]
tests/test_agents/test_tools.py::TestToolRegistry::test_all_tools_are_callable PASSED  [ 65%]
tests/test_agents/test_security_validation.py::TestSecurityValidation::test_check_data_leak_empty PASSED  [ 66%]
tests/test_agents/test_security_validation.py::TestSecurityValidation::test_check_data_leak_sensitive_keywords PASSED  [ 67%]
tests/test_agents/test_security_validation.py::TestSecurityValidation::test_check_prompt_injection_ignore_previous PASSED  [ 68%]
tests/test_agents/test_security_validation.py::TestSecurityValidation::test_check_prompt_injection_role_play PASSED  [ 69%]
tests/test_agents/test_security_validation.py::TestSecurityValidation::test_check_prompt_injection_system_override PASSED  [ 70%]
tests/test_agents/test_security_validation.py::TestSecurityValidation::test_check_prompt_injection_normal_text PASSED  [ 71%]
tests/test_api/test_copilot_history.py::test_copilot_messages_persistence_and_management PASSED  [ 72%]
tests/test_api/test_copilot_history.py::test_in_chat_copilot_isolation_from_global PASSED  [ 73%]
tests/test_api/test_profile.py::test_get_and_update_my_profile PASSED     [ 74%]
tests/test_api/test_profile.py::test_get_target_user_public_and_private_profile PASSED [ 75%]
tests/test_api/test_match_notification_sync.py::test_match_notification_sync_on_accept_recommendation PASSED [ 75%]
tests/test_api/test_match_notification_sync.py::test_match_notification_sync_on_send_connection_request PASSED [ 76%]
tests/test_api/test_match_notification_sync.py::test_generate_connections_syncs_notifications_and_scores PASSED  [ 77%]
tests/test_api/test_unfriend_sync.py::test_remove_friend_connection PASSED    [ 78%]
tests/test_api/test_unfriend_sync.py::test_cannot_unfriend_self PASSED        [ 79%]
tests/test_auth.py::test_auth_register_and_login PASSED                  [ 80%]
tests/test_auth.py::test_auth_login_fail PASSED                          [ 81%]
tests/test_auth.py::test_auth_login_with_phone PASSED                    [ 82%]
tests/test_auth.py::test_auth_legacy_sha256_login_and_auto_upgrade PASSED [ 83%]
tests/test_auth.py::test_auth_malformed_hash_returns_401_not_500 PASSED  [ 84%]
tests/test_auth.py::test_password_reset_changes_password_and_invalidates_token PASSED [ 85%]
tests/test_auth.py::test_password_reset_rejects_expired_token PASSED     [ 86%]
tests/test_auth.py::test_password_reset_by_identity_requires_phone_when_account_has_one PASSED [ 87%]
tests/test_auth.py::test_password_reset_by_identity_allows_accounts_without_phone PASSED [ 88%]
tests/test_guardrails.py::test_validate_input_query_valid PASSED         [ 89%]
tests/test_guardrails.py::test_validate_input_query_empty PASSED         [ 90%]
tests/test_guardrails.py::test_validate_input_query_jailbreak_detection PASSED [ 91%]
tests/test_guardrails.py::test_sanitize_output_response_redaction PASSED     [ 92%]
tests/test_guardrails.py::test_verify_in_chat_access PASSED             [ 93%]
tests/test_guardrails.py::test_in_chat_copilot_quick_actions PASSED        [ 94%]
tests/test_p2p_flow.py::test_p2p_flow_e2e PASSED                     [ 95%]
tests/unit/repositories/test_extra_repos.py::test_extra_repos PASSED      [ 96%]
tests/unit/services/test_chat_service.py::test_list_conversations PASSED   [ 97%]
tests/unit/services/test_chat_service.py::test_delete_message_success PASSED [ 98%]
tests/unit/services/test_chat_service.py::test_delete_message_ownership_error PASSED [ 99%]
tests/unit/services/test_extra_services.py::test_extra_services PASSED       [100%]

======================= 104 passed, 1 warning in 49.34s =======================
